Diagnose log at 2025-07-26T13:27:38Z

AppPath: C:\Program Files\Git\mingw64\bin\git-credential-manager.exe
InstallDir: C:\Program Files\Git\mingw64\bin\
Version: 2.2.1

------------
Diagnostic: Environment
Skipped: False
Success: True
Exception: None
Log:
OSType: Windows
OSVersion: 10.0 (build 26100)
Reading environment variables... OK
 Variables:
HOMEPATH=\Users\andy
EFC_12700_2283032206=1
COMPUTERNAME=DESKTOP-KL3MI52
DriverData=C:\Windows\System32\Drivers\DriverData
GIT_TRACE2_PARENT_SID=cad53a2b-ccfa-42cb-8971-9781ad7ffa6a
CommonProgramFiles(x86)=C:\Program Files (x86)\Common Files
OneDrive=C:\Users\andy\OneDrive
SESSIONNAME=Console
TMP=C:\Users\andy\AppData\Local\Temp
HOME=C:\Users\andy
PROCESSOR_REVISION=8e0c
PATHEXT=.COM;.EXE;.BAT;.CMD;.VBS;.VBE;.JS;.JSE;.WSF;.WSH;.MSC
GIT_EXEC_PATH=C:/Program Files/Git/mingw64/libexec/git-core
TEMP=C:\Users\andy\AppData\Local\Temp
LOCALAPPDATA=C:\Users\andy\AppData\Local
MSYSTEM=MINGW64
TERM=xterm-256color
COLORTERM=truecolor
USERDOMAIN=DESKTOP-KL3MI52
Path=C:/Program Files/Git/mingw64/libexec/git-core;C:\Program Files\Git\mingw64\bin;C:\Program Files\Git\usr\bin;C:\Users\andy\bin;C:\Program Files\ImageMagick-7.1.1-Q16-HDRI;C:\WINDOWS\system32;C:\WINDOWS;C:\WINDOWS\System32\Wbem;C:\WINDOWS\System32\WindowsPowerShell\v1.0\;C:\WINDOWS\System32\OpenSSH\;c:\WINDOWS\System32\WBem;C:\Program Files\dotnet\;C:\Program Files\Git\cmd;C:\Users\andy\AppData\Local\Programs\Python\Python313\Scripts\;C:\Users\andy\AppData\Local\Programs\Python\Python313\;C:\Users\andy\AppData\Local\Microsoft\WindowsApps;C:\Users\andy\AppData\Local\Programs\Microsoft VS Code\bin;
PROCESSOR_LEVEL=6
PROCESSOR_IDENTIFIER=Intel64 Family 6 Model 142 Stepping 12, GenuineIntel
TMPDIR=C:\Users\andy\AppData\Local\Temp
PROMPT=$P$G
ProgramFiles(x86)=C:\Program Files (x86)
EFC_12700_1592913036=1
NUMBER_OF_PROCESSORS=8
FPS_BROWSER_USER_PROFILE_STRING=Default
CommonProgramFiles=C:\Program Files (x86)\Common Files
asl.log=Destination=file
PLINK_PROTOCOL=ssh
ProgramData=C:\ProgramData
ProgramW6432=C:\Program Files
ProgramFiles=C:\Program Files (x86)
EFC_12700_2775293581=1
PUBLIC=C:\Users\Public
EFC_12700_1262719628=1
LC_CTYPE=C.UTF-8
CommonProgramW6432=C:\Program Files\Common Files
ZES_ENABLE_SYSMAN=1
LOGONSERVER=\\DESKTOP-KL3MI52
USERPROFILE=C:\Users\andy
SystemRoot=C:\WINDOWS
EFC_12700_3789132940=1
USERDOMAIN_ROAMINGPROFILE=DESKTOP-KL3MI52
APPDATA=C:\Users\andy\AppData\Roaming
HOMEDRIVE=C:
PSModulePath=C:\Program Files\WindowsPowerShell\Modules;C:\WINDOWS\system32\WindowsPowerShell\v1.0\Modules
USERNAME=andy
PROCESSOR_ARCHITEW6432=AMD64
FPS_BROWSER_APP_PROFILE_STRING=Internet Explorer
PROCESSOR_ARCHITECTURE=x86
OS=Windows_NT
ComSpec=C:\WINDOWS\system32\cmd.exe
SystemDrive=C:
windir=C:\WINDOWS
OneDriveConsumer=C:\Users\andy\OneDrive
ALLUSERSPROFILE=C:\ProgramData


------------
Diagnostic: File system
Skipped: False
Success: True
Exception: None
Log:
Temporary directory is 'C:\Users\andy\AppData\Local\Temp\'...
Checking basic file I/O...
Writing to temporary file 'C:\Users\andy\AppData\Local\Temp\ebce4578a6b3955138cbb960'... OK
Reading from temporary file 'C:\Users\andy\AppData\Local\Temp\ebce4578a6b3955138cbb960'... OK
Deleting temporary file 'C:\Users\andy\AppData\Local\Temp\ebce4578a6b3955138cbb960'... OK
Testing IFileSystem instance...
UserHomePath: C:\Users\andy
UserDataDirectoryPath: C:\Users\andy\.gcm
GetCurrentDirectory(): C:\Users\andy\Dropbox\Mac SE Monitor

------------
Diagnostic: Networking
Skipped: False
Success: True
Exception: None
Log:
Checking networking and HTTP stack...
Creating HTTP client... OK
IsNetworkAvailable: True
Sending HEAD request to http://example.com... OK
Sending HEAD request to https://example.com... OK
Acquiring free TCP port... OK
Testing local HTTP loopback connections...
Creating new HTTP listener for http://localhost:51375/... OK
Waiting for loopback connection... OK
Writing response... OK
Waiting for response data... OK
Loopback connection data OK

------------
Diagnostic: Git
Skipped: False
Success: True
Exception: None
Log:
Getting Git version... OK
Git version is '2.41.0.windows.2'
Locating current repository... OK
Git repository at 'C:/Users/andy/Dropbox/Mac SE Monitor/.git'
Listing all Git configuration... OK
Git configuration:
file:C:/Program Files/Git/etc/gitconfig	diff.astextplain.textconv=astextplain
file:C:/Program Files/Git/etc/gitconfig	filter.lfs.clean=git-lfs clean -- %f
file:C:/Program Files/Git/etc/gitconfig	filter.lfs.smudge=git-lfs smudge -- %f
file:C:/Program Files/Git/etc/gitconfig	filter.lfs.process=git-lfs filter-process
file:C:/Program Files/Git/etc/gitconfig	filter.lfs.required=true
file:C:/Program Files/Git/etc/gitconfig	http.sslbackend=openssl
file:C:/Program Files/Git/etc/gitconfig	http.sslcainfo=C:/Program Files/Git/mingw64/etc/ssl/certs/ca-bundle.crt
file:C:/Program Files/Git/etc/gitconfig	core.autocrlf=true
file:C:/Program Files/Git/etc/gitconfig	core.fscache=true
file:C:/Program Files/Git/etc/gitconfig	core.symlinks=false
file:C:/Program Files/Git/etc/gitconfig	core.editor=notepad
file:C:/Program Files/Git/etc/gitconfig	pull.rebase=false
file:C:/Program Files/Git/etc/gitconfig	credential.helper=manager
file:C:/Program Files/Git/etc/gitconfig	credential.https://dev.azure.com.usehttppath=true
file:C:/Program Files/Git/etc/gitconfig	init.defaultbranch=master
file:C:/Users/andy/.gitconfig	user.email=andy@maxwell.nyc
file:C:/Users/andy/.gitconfig	user.name=Andy
file:C:/Users/andy/.gitconfig	credential.helper=manager-core
file:C:/Users/andy/.gitconfig	credential.helper=
file:C:/Users/andy/.gitconfig	credential.helper=C:/Program\ Files/Git/mingw64/bin/git-credential-manager.exe
file:.git/config	core.repositoryformatversion=0
file:.git/config	core.filemode=false
file:.git/config	core.bare=false
file:.git/config	core.logallrefupdates=true
file:.git/config	core.symlinks=false
file:.git/config	core.ignorecase=true
file:.git/config	remote.origin.url=https://github.com/andyhomecode/mac-se-monitor.git
file:.git/config	remote.origin.fetch=+refs/heads/*:refs/remotes/origin/*
file:.git/config	branch.main.remote=origin
file:.git/config	branch.main.merge=refs/heads/main
file:.git/config	branch.BSRAM-write-timing-fix.vscode-merge-base=origin/main
file:.git/config	branch.BSRAM-write-timing-fix.remote=origin
file:.git/config	branch.BSRAM-write-timing-fix.merge=refs/heads/BSRAM-write-timing-fix


------------
Diagnostic: Credential storage
Skipped: False
Success: True
Exception: None
Log:
ICredentialStore instance is of type: CredentialStore
Writing test credential... OK
Reading test credential... OK
Deleting test credential... OK

------------
Diagnostic: Microsoft authentication (AAD/MSA)
Skipped: False
Success: True
Exception: None
Log:
Broker is not enabled.
Flow type is: Auto
Gathering MSAL token cache data... OK
CacheDirectory: C:\Users\andy\AppData\Local\.IdentityService
CacheFileName: msal.cache
CacheFilePath: C:\Users\andy\AppData\Local\.IdentityService\msal.cache
Creating cache helper... OK
Verifying MSAL token cache persistence... OK

------------
Diagnostic: GitHub API
Skipped: False
Success: True
Exception: None
Log:
Using 'https://github.com/' as API target.
Querying '/meta' endpoint... OK

