GowinSynthesis start
Running parser ...
Analyzing Verilog file 'C:\Users\andy\Dropbox\Mac SE Monitor\Gowin\hdmi_rx\src\dvi_rx\dvi_rx.v'
Analyzing Verilog file 'C:\Users\andy\Dropbox\Mac SE Monitor\Gowin\hdmi_rx\src\edid_prom\edid_prom.v'
Analyzing Verilog file 'C:\Users\andy\Dropbox\Mac SE Monitor\Gowin\hdmi_rx\src\gowin_osc\gowin_osc.v'
Analyzing Verilog file 'C:\Users\andy\Dropbox\Mac SE Monitor\Gowin\hdmi_rx\src\hdmi_rx.v'
Compiling module 'hdmi_rx_top'("C:\Users\andy\Dropbox\Mac SE Monitor\Gowin\hdmi_rx\src\hdmi_rx.v":6)
Compiling module 'Gowin_OSC'("C:\Users\andy\Dropbox\Mac SE Monitor\Gowin\hdmi_rx\src\gowin_osc\gowin_osc.v":10)
Compiling module '**'("C:\Users\andy\Dropbox\Mac SE Monitor\Gowin\hdmi_rx\src\edid_prom\edid_prom.v":738)
Compiling module '**'("C:\Users\andy\Dropbox\Mac SE Monitor\Gowin\hdmi_rx\src\dvi_rx\dvi_rx.v":3693)
NOTE  (EX0101) : Current top module is "hdmi_rx_top"
[5%] Running netlist conversion ...
Running device independent optimization ...
[10%] Optimizing Phase 0 completed
[15%] Optimizing Phase 1 completed
[25%] Optimizing Phase 2 completed
Running inference ...
[30%] Inferring Phase 0 completed
[40%] Inferring Phase 1 completed
[50%] Inferring Phase 2 completed
[55%] Inferring Phase 3 completed
Running technical mapping ...
[60%] Tech-Mapping Phase 0 completed
[65%] Tech-Mapping Phase 1 completed
[75%] Tech-Mapping Phase 2 completed
[80%] Tech-Mapping Phase 3 completed
[90%] Tech-Mapping Phase 4 completed
WARN  (NL0002) : The module "~TMDS_Decoder.DVI_RX_Top" instantiated to "u_tmds_b" is swept in optimizing("C:\Users\andy\Dropbox\Mac SE Monitor\Gowin\hdmi_rx\src\dvi_rx\dvi_rx.v":3693)
WARN  (NL0002) : The module "~TMDS_Decoder.DVI_RX_Top_0" instantiated to "u_tmds_g" is swept in optimizing("C:\Users\andy\Dropbox\Mac SE Monitor\Gowin\hdmi_rx\src\dvi_rx\dvi_rx.v":3693)
WARN  (NL0002) : The module "~TMDS_Decoder.DVI_RX_Top_1" instantiated to "u_tmds_r" is swept in optimizing("C:\Users\andy\Dropbox\Mac SE Monitor\Gowin\hdmi_rx\src\dvi_rx\dvi_rx.v":3693)
[95%] Generate netlist file "C:\Users\andy\Dropbox\Mac SE Monitor\Gowin\hdmi_rx\impl\gwsynthesis\hdmi_rx.vg" completed
[100%] Generate report file "C:\Users\andy\Dropbox\Mac SE Monitor\Gowin\hdmi_rx\impl\gwsynthesis\hdmi_rx_syn.rpt.html" completed
GowinSynthesis finish
