GowinSynthesis start
Running parser ...
Analyzing Verilog file 'C:\Users\andy\Dropbox\Mac SE Monitor\Gowin\fpga\src\color_converter.v'
Analyzing Verilog file 'C:\Users\andy\Dropbox\Mac SE Monitor\Gowin\fpga\src\frame_buffer.v'
Analyzing Verilog file 'C:\Users\andy\Dropbox\Mac SE Monitor\Gowin\fpga\src\hdmi_to_mac_se_converter.v'
Analyzing Verilog file 'C:\Users\andy\Dropbox\Mac SE Monitor\Gowin\fpga\src\input_coordinate_generator.v'
Analyzing Verilog file 'C:\Users\andy\Dropbox\Mac SE Monitor\Gowin\fpga\src\mac_se_timing_generator.v'
Analyzing Verilog file 'C:\Users\andy\Dropbox\Mac SE Monitor\Gowin\fpga\src\scaler.v'
Compiling module 'hdmi_to_mac_se_converter'("C:\Users\andy\Dropbox\Mac SE Monitor\Gowin\fpga\src\hdmi_to_mac_se_converter.v":28)
Compiling module 'input_coordinate_generator'("C:\Users\andy\Dropbox\Mac SE Monitor\Gowin\fpga\src\input_coordinate_generator.v":8)
WARN  (EX3791) : Expression size 11 truncated to fit in target size 10("C:\Users\andy\Dropbox\Mac SE Monitor\Gowin\fpga\src\input_coordinate_generator.v":43)
WARN  (EX3791) : Expression size 11 truncated to fit in target size 10("C:\Users\andy\Dropbox\Mac SE Monitor\Gowin\fpga\src\input_coordinate_generator.v":49)
Compiling module 'color_converter'("C:\Users\andy\Dropbox\Mac SE Monitor\Gowin\fpga\src\color_converter.v":11)
Compiling module 'scaler'("C:\Users\andy\Dropbox\Mac SE Monitor\Gowin\fpga\src\scaler.v":17)
WARN  (EX3791) : Expression size 10 truncated to fit in target size 9("C:\Users\andy\Dropbox\Mac SE Monitor\Gowin\fpga\src\scaler.v":58)
WARN  (EX3791) : Expression size 10 truncated to fit in target size 9("C:\Users\andy\Dropbox\Mac SE Monitor\Gowin\fpga\src\scaler.v":59)
Compiling module 'mac_se_timing_generator'("C:\Users\andy\Dropbox\Mac SE Monitor\Gowin\fpga\src\mac_se_timing_generator.v":10)
WARN  (EX3791) : Expression size 11 truncated to fit in target size 10("C:\Users\andy\Dropbox\Mac SE Monitor\Gowin\fpga\src\mac_se_timing_generator.v":48)
WARN  (EX3791) : Expression size 10 truncated to fit in target size 9("C:\Users\andy\Dropbox\Mac SE Monitor\Gowin\fpga\src\mac_se_timing_generator.v":52)
Compiling module 'frame_buffer(ADDR_WIDTH=18)'("C:\Users\andy\Dropbox\Mac SE Monitor\Gowin\fpga\src\frame_buffer.v":9)
Extracting RAM for identifier 'ram'("C:\Users\andy\Dropbox\Mac SE Monitor\Gowin\fpga\src\frame_buffer.v":29)
WARN  (EX3791) : Expression size 2 truncated to fit in target size 1("C:\Users\andy\Dropbox\Mac SE Monitor\Gowin\fpga\src\frame_buffer.v":39)
NOTE  (EX0101) : Current top module is "hdmi_to_mac_se_converter"
[5%] Running netlist conversion ...
WARN  (CV0016) : Input tfp401_vs is unused("C:\Users\andy\Dropbox\Mac SE Monitor\Gowin\fpga\src\hdmi_to_mac_se_converter.v":32)
WARN  (CV0016) : Input input_select_switches is unused("C:\Users\andy\Dropbox\Mac SE Monitor\Gowin\fpga\src\hdmi_to_mac_se_converter.v":48)
Running device independent optimization ...
[10%] Optimizing Phase 0 completed
[15%] Optimizing Phase 1 completed
[25%] Optimizing Phase 2 completed
Running inference ...
ERROR (RP0001) : The number(164817) of DFF in the design exceeds the resource limit(16173) of current device(GW2A-LV18PG256C8/I7)
GowinSynthesis finish
