Reading netlist file: "C:\Users\andy\Dropbox\Mac SE Monitor\Gowin\tang-20k-led\impl\gwsynthesis\tang-20k-led.vg"
Parsing netlist file "C:\Users\andy\Dropbox\Mac SE Monitor\Gowin\tang-20k-led\impl\gwsynthesis\tang-20k-led.vg" completed
Processing netlist completed
Reading constraint file: "C:\Users\andy\Dropbox\Mac SE Monitor\Gowin\tang-20k-led\src\tang-20k-led.cst"
Physical Constraint parsed completed
Running placement......
[10%] Placement Phase 0 completed
[20%] Placement Phase 1 completed
[30%] Placement Phase 2 completed
WARN  (TA1132) :  'Clock' was determined to be a clock but was not created.
[50%] Placement Phase 3 completed
Running routing......
[60%] Routing Phase 0 completed
[70%] Routing Phase 1 completed
[80%] Routing Phase 2 completed
[90%] Routing Phase 3 completed
Running timing analysis......
[95%] Timing analysis completed
Placement and routing completed
Bitstream generation in progress......
Bitstream generation completed
Running power analysis......
[100%] Power analysis completed
Generate file "C:\Users\andy\Dropbox\Mac SE Monitor\Gowin\tang-20k-led\impl\pnr\tang-20k-led.power.html" completed
Generate file "C:\Users\andy\Dropbox\Mac SE Monitor\Gowin\tang-20k-led\impl\pnr\tang-20k-led.pin.html" completed
Generate file "C:\Users\andy\Dropbox\Mac SE Monitor\Gowin\tang-20k-led\impl\pnr\tang-20k-led.rpt.html" completed
Generate file "C:\Users\andy\Dropbox\Mac SE Monitor\Gowin\tang-20k-led\impl\pnr\tang-20k-led.rpt.txt" completed
Generate file "C:\Users\andy\Dropbox\Mac SE Monitor\Gowin\tang-20k-led\impl\pnr\tang-20k-led.tr.html" completed
Sun Apr 20 14:57:32 2025

