GowinSynthesis start
Running parser ...
Analyzing Verilog file 'C:\Users\andy\Dropbox\Mac SE Monitor\Gowin\tang-20k-led\src\gowin_osc\gowin_osc.v'
Analyzing Verilog file 'C:\Users\andy\Dropbox\Mac SE Monitor\Gowin\tang-20k-led\src\gowin_sdpb\gowin_sdpb.v'
Analyzing Verilog file 'C:\Users\andy\Dropbox\Mac SE Monitor\Gowin\tang-20k-led\src\main.v'
Compiling module 'main'("C:\Users\andy\Dropbox\Mac SE Monitor\Gowin\tang-20k-led\src\main.v":1)
Compiling module 'Gowin_OSC'("C:\Users\andy\Dropbox\Mac SE Monitor\Gowin\tang-20k-led\src\gowin_osc\gowin_osc.v":10)
Compiling module 'Gowin_SDPB'("C:\Users\andy\Dropbox\Mac SE Monitor\Gowin\tang-20k-led\src\gowin_sdpb\gowin_sdpb.v":10)
WARN  (EX1998) : Net 'ada[17]' does not have a driver("C:\Users\andy\Dropbox\Mac SE Monitor\Gowin\tang-20k-led\src\main.v":81)
WARN  (EX1998) : Net 'adb[17]' does not have a driver("C:\Users\andy\Dropbox\Mac SE Monitor\Gowin\tang-20k-led\src\main.v":82)
WARN  (EX1998) : Net 'din' does not have a driver("C:\Users\andy\Dropbox\Mac SE Monitor\Gowin\tang-20k-led\src\main.v":83)
WARN  (EX1998) : Net 'clka' does not have a driver("C:\Users\andy\Dropbox\Mac SE Monitor\Gowin\tang-20k-led\src\main.v":87)
WARN  (EX1998) : Net 'cea' does not have a driver("C:\Users\andy\Dropbox\Mac SE Monitor\Gowin\tang-20k-led\src\main.v":88)
WARN  (EX1998) : Net 'reseta' does not have a driver("C:\Users\andy\Dropbox\Mac SE Monitor\Gowin\tang-20k-led\src\main.v":89)
WARN  (EX1998) : Net 'clkb' does not have a driver("C:\Users\andy\Dropbox\Mac SE Monitor\Gowin\tang-20k-led\src\main.v":90)
WARN  (EX1998) : Net 'ceb' does not have a driver("C:\Users\andy\Dropbox\Mac SE Monitor\Gowin\tang-20k-led\src\main.v":91)
WARN  (EX1998) : Net 'resetb' does not have a driver("C:\Users\andy\Dropbox\Mac SE Monitor\Gowin\tang-20k-led\src\main.v":92)
WARN  (EX1998) : Net 'oce' does not have a driver("C:\Users\andy\Dropbox\Mac SE Monitor\Gowin\tang-20k-led\src\main.v":93)
NOTE  (EX0101) : Current top module is "main"
[5%] Running netlist conversion ...
Running device independent optimization ...
[10%] Optimizing Phase 0 completed
[15%] Optimizing Phase 1 completed
[25%] Optimizing Phase 2 completed
Running inference ...
[30%] Inferring Phase 0 completed
[40%] Inferring Phase 1 completed
[50%] Inferring Phase 2 completed
[55%] Inferring Phase 3 completed
Running technical mapping ...
[60%] Tech-Mapping Phase 0 completed
[65%] Tech-Mapping Phase 1 completed
[75%] Tech-Mapping Phase 2 completed
[80%] Tech-Mapping Phase 3 completed
[90%] Tech-Mapping Phase 4 completed
WARN  (NL0002) : The module "Gowin_SDPB" instantiated to "framebuffer" is swept in optimizing("C:\Users\andy\Dropbox\Mac SE Monitor\Gowin\tang-20k-led\src\main.v":113)
[95%] Generate netlist file "C:\Users\andy\Dropbox\Mac SE Monitor\Gowin\tang-20k-led\impl\gwsynthesis\tang-20k-led.vg" completed
[100%] Generate report file "C:\Users\andy\Dropbox\Mac SE Monitor\Gowin\tang-20k-led\impl\gwsynthesis\tang-20k-led_syn.rpt.html" completed
GowinSynthesis finish
